scene.type=Scene
scene.isScene=true
camera.type=PerspectiveCamera
camera.isPerspectiveCamera=true
material.type=MeshBasicMaterial
material.color.isColor=true
geometry.type=BoxGeometry
mesh.isMesh=true
mesh.isObject3D=true
mesh instanceof Mesh=true
mesh instanceof Object3D=true
camera instanceof Object3D=true
scene instanceof Object3D=true
camera.fov=75
camera.aspect=2
camera.near=0.1
camera.far=1000
camera.zoom=1
camera.filmGauge=35
scene.children.length=1
mesh.parent===scene=true
scene.parent=null
index.count=36
position.count=24
normal.count=24
uv.count=24
position.itemSize=3
uv.itemSize=2
groups.length=6
position.array.length=72
index.array.length=36
position.array is Float32Array=true
index.array is Uint16Array=true
Float32Array.BYTES_PER_ELEMENT=4
Uint16Array.BYTES_PER_ELEMENT=2
typeof uuid=string
uuid.length=36
uuids differ=true
root world===local=true
identity=1,0,0,0,0,1,0,0,0,0,1,0,0,0,0,1
scene.matrix=2,0,0,0,0,2,0,0,0,0,2,0,10,20,30,1
mesh.matrix=1,0,0,0,0,1,0,0,0,0,1,0,1,2,3,1
mesh.matrixWorld=2,0,0,0,0,2,0,0,0,0,2,0,12,24,36,1
updateMatrixWorld idempotent=true
translation column=0,0,0,1
columns unit=true
columns orthogonal=true
determinant 1=true
inverse round trip=true
post-loop idempotent=true
vector iterator=7,8,9
length=5
dot=32
cross=0,0,1
quaternion=0,0,0,1
euler order=XYZ
