1234
7
7
get,set,get
7
8
get,set,get,get
0
0
{}
true
TypeError: Cannot read private member #code from an object whose class did not declare it
TypeError: Cannot read private member #code from an object whose class did not declare it
TypeError: Cannot read private member #code from an object whose class did not declare it
TypeError: Cannot write to private method #record
TypeError: '#writeOnly' was defined without a getter
TypeError: '#readOnly' was defined without a setter
1234
1234
get
true
