1 G function undefined true true
2 {"shadow":"y"}
3 {"comp":1,"lit":2}
4 2,10,two {"2":"b","10":"a","two":"t"}
5 {"sp":"s","own":"o"}
6 {"d":2}
7 {"value":1,"writable":true,"enumerable":true,"configurable":false}
8 {"keep":"k"} keep
9 TypeError
10 {"value":7,"writable":false,"enumerable":true,"configurable":false}
