array push/shift 0 1999000
includes 100 44 744
own-prop shadow shadow:9 4 4
subclass shadow loud:7 5 5
subclass no-override 50 true
late box 100 hello
map get/set 1000 1498500
map has/delete true true false 999
map shadow shadowGet:k 3
map subclass sub:x 6
set add/has 100 100
weakmap 44850 true false
weakset true false
forEach 1396
mixed 100 100
plain/array mix 19,20plain,
spread 3 9
done
ta set 3000 7.5
ta fill/indexOf 2.5 0 -1
ta subarray 4 1
ta ctors true true true false
ta mixed kinds 1 1 1
ta plain mix plain:29:30 29 30
ta/set mixed true
done2
isArray hot 2000
statics Hi 3 a|b|c
static unshadowable true false
subclass static true 1
mixed ctor site 100 true
done3
poly 2-shape 13504500 3000 6000
poly 3-shape 2970900 900
poly env 844000
poly array/plain 250500 500 500
poly latched a1 b1
done4
