v.x before=0 (number)
v.x after=hi (string)
v2 before=0/0 (string)
v2 after=hi/hi (string)
a.p=aliased (string)
b.q=computed (string)
b[key]=computed (string)
c.r=callback (string)
d.t via array=escaped (string)
d.t via map=escaped again (string)
e.u=defined (string)
f.w=6 (number)
f.w deleted=undefined (undefined)
has w = false
g.g=accessor:7 (string)
g.g after set=accessor:8 (string)
h.n=10 (number)
h.n plus=15 (number)
h.n inc=16 (number)
h.n times=32 (number)
h.n minus=31 (number)
h.n bumped=15.5 (number)
