numbers=6 (number)
string first=a12 (string)
only site=only (string)
late number=5 (number)
late string=late (string)
from .w number=6 (number)
from .w string=hi1 (string)
from dot() number=6 (number)
from dot() string=hi1 (string)
from lerp() number=6 (number)
from lerp() string=hi1 (string)
warm sum=200 (number)
after store=cold (string)
other instance=2 (number)
pair a=7 (number)
pair b=seven (string)
pair a again=7 (number)
negative zero=-Infinity (number)
positive zero=Infinity (number)
nan=NaN (number)
nan self-equal=false (boolean)
infinity=Infinity (number)
negative infinity=-Infinity (number)
forms=11 (number)
plus number=3 (number)
plus string=1x (string)
