warm.hello=hi:5
replaced.hello=replaced:5
nonfn.call=TypeError
restored.hello=restored:3
deleted.before=go
deleted.call=TypeError
accessor.before=data-v
accessor.after=from-getter
own.make=make:P
inherited.make=make:Q
inherited.shadowable=make:R
shadowed.make=own-make:R
this.identity=true
this.tag=T
this.subclass.identity=false
this.subclass.tag=U
bound.static=g:BOUND
bound.unbound=g:V
defineProperty.sum=15
defineProperties.last=node:10
defineProperties.keys=kind,seq
defineProperty.desc=9,false,true
Object.keys=a,b,c
throwing.static=step-1 step-2 [boom-3] step-4 step-5
mixed.fn.plain=X-static/plain-own X-static/plain-own X-static/plain-own X-static/plain-own X-static/plain-own X-static/plain-own
post.mutation=X-static/plain-own
arity.0=three:undefined,undefined,undefined
arity.1=three:1,undefined,undefined
arity.3=three:1,2,3
arity.over=three:1,2,3
static.new.this=made-Z
static.new.subclass=made-Z2
proto.call=fnA:7
own.call=own-call:null
proto.call.again=fnA:7
proto.apply=sum:7
proto.bind=sum:15
function.static=helper:4
bare.missing=TypeError
