warm.tag=A-tag
warm.count=3
reassigned.tag=A-tag-2
added.extra=added
added.tag=A-tag-2
deleted.extra=undefined
deleted.tag=A-tag-2
accessor.before=data
accessor.after=from-getter
staticget.this=C-base!
extends.own=D
extends.inherited=A-tag-2
extends.method=hi
extends.shadowed=E-tag
mixed.fn.plain=F-static/plain-own F-static/plain-own F-static/plain-own F-static/plain-own F-static/plain-own F-static/plain-own
proto.vs.static=object,A-tag-2
bare.missing=undefined
bare.name=bare
bare.length=0
call.inherited=function
call.shadowed=own-call
call.inherited.again=function
bound.name=bound bare
bound.length=0
intrinsic.Object.keys=function
intrinsic.Object.works=a,b
intrinsic.Array.from=function
intrinsic.Number.EPSILON=true
depth3.inherited=deep-1
post.mutation=F-static/plain-own
