[ 1 ]
[ 1, 2 ]
{ value: 1, done: false }
{ value: 'stopped', done: true }
{ value: undefined, done: true }
{ value: 'a', done: false }
{ value: undefined, done: true }
{ value: undefined, done: true }
{ value: 'first', done: true }
[]
[ 0, 1, 2 ]
0 1 { value: 'hit 2', done: true }
{ value: 'x', done: false }
{ value: undefined, done: true }
