true false false
false true true
true false false
true
1 undefined 2
false true true
false 1
9 undefined 2
false 2
false true false
9 2
true undefined 2
undefined
false false false
true true false
true
false
true
true false false
true
t undefined
false true true
false t
2 undefined false
true false
made
true
5 true true false
null undefined
