1,2,3,4,a,b,c,d,a1,b2,c3,d4,a=1,b=2,c=3,d=4
x,y,z,x,y,z,xx,yy,zz
{"value":3,"done":false} {"value":4,"done":false} {"done":true}
{"done":true}
b,c,d,e,f
return called, this is it4: true
closed 1
done without return
n1,n2 3
p,q
1,2,3,4,5,6 abcdef a1,b2,c3,d4,e5,f6
1 2 3,4,5,6
15 ab,ac,ad
0:A,1:undefined,2:C,0,1,2
{"value":"C","done":false} {"done":true}
1,2,3
1,2,3,4,5,6
delegate closed
{"value":2,"done":false}
value,done value,done
