defineProperty => true | def:c:configurable/enumerable/value/writable
defineProperty accessor => true | def:d:configurable/get
defineProperties => true | def:e:value
getOwnPropertyDescriptor => {"value":1,"writable":true,"enumerable":true,"configurable":true} | gopd:a
getOwnPropertyDescriptor missing => undefined | gopd:zz
getOwnPropertyDescriptors => ["a","b","c","d","e"] | ownKeys,gopd:a,gopd:b,gopd:c,gopd:d,gopd:e
getPrototypeOf => true | gpo
setPrototypeOf => true | spo
getPrototypeOf after => null | gpo
Reflect.getPrototypeOf => null | gpo
Reflect.setPrototypeOf => true | spo
isPrototypeOf => true | gpo
instanceof => true | gpo
keys => ["a","b"] | ownKeys,gopd:a,gopd:b,gopd:hidden
values => [1,2] | ownKeys,gopd:a,get:a,gopd:b,get:b,gopd:hidden
entries => [["a",1],["b",2]] | ownKeys,gopd:a,get:a,gopd:b,get:b,gopd:hidden
getOwnPropertyNames => ["a","b","hidden"] | ownKeys
getOwnPropertySymbols => 1 | ownKeys
Reflect.ownKeys => 4 | ownKeys
JSON.stringify => {"a":1,"b":2} | get:toJSON,ownKeys,gopd:a,gopd:b,gopd:hidden,get:a,get:b
JSON.stringify nested => {"x":{"a":1,"b":2}} | get:toJSON,ownKeys,gopd:a,gopd:b,gopd:hidden,get:a,get:b
for-in => ["a","b"] | ownKeys,gpo,gopd:a,gopd:b,gopd:hidden
spread => {"a":1,"b":2} | ownKeys,gopd:a,get:a,gopd:b,get:b,gopd:hidden,gopd:Symbol(s),get:Symbol(s)
Object.assign from => {"a":1,"b":2} | ownKeys,gopd:a,get:a,gopd:b,get:b,gopd:hidden,gopd:Symbol(s),get:Symbol(s)
Object.assign to => true | set:q,gopd:q,def:q:configurable/enumerable/value/writable
hasOwnProperty => true | gopd:a
Object.hasOwn => true | gopd:a
propertyIsEnumerable => false | gopd:hidden
in => true | has:a
in missing => false | has:nope
delete => true | del:a
delete then in => false | has:a
Reflect.has => true | has:b
Reflect.get => 2 | get:b
Reflect.set => true | set:b,gopd:b,def:b:value
Reflect.deleteProperty => true | del:b
Reflect.defineProperty => true | def:r:configurable/value
Reflect.getOwnPropertyDescriptor => 1 | gopd:r
Reflect.isExtensible => true | isExt
Object.isExtensible => true | isExt
Object.isFrozen => false | isExt
Object.isSealed => false | isExt
Object.preventExtensions => true | prevExt
Reflect.preventExtensions => true | prevExt
isExtensible after => false | isExt
isFrozen after prevent => false | isExt,ownKeys,gopd:hidden,gopd:q
Object.seal => true | prevExt,ownKeys,def:a:configurable
isSealed after => true | isExt,ownKeys,gopd:a
Object.freeze => true | prevExt,ownKeys,gopd:a,def:a:configurable/writable,gopd:b,def:b:configurable/writable
isFrozen after freeze => true | isExt,ownKeys,gopd:a,gopd:b
set on frozen => TypeError | set:a
Object.fromEntries of proxy pairs => {"k":"v"} | get:Symbol(Symbol.iterator),get:length,get:0,get:length
Array.isArray => true | 
Object.prototype.toString => [object Array] | get:Symbol(Symbol.toStringTag)
Object.prototype.toString fn => [object Function] | get:Symbol(Symbol.toStringTag)
structured keys of empty => [] | ownKeys
array spread => [1,2] | get:Symbol(Symbol.iterator),get:length,get:0,get:length,get:1,get:length
for-of => ["x","y"] | get:Symbol(Symbol.iterator),get:length,get:0,get:length,get:1,get:length
Array.from => [3] | get:Symbol(Symbol.iterator),get:length,get:0,get:length
destructure => 11 | get:Symbol(Symbol.iterator),get:length,get:0,get:length,get:1
proxied iterator => [0,1] | get:Symbol(Symbol.iterator),get:next,get:i,get:i,set:i,gopd:i,def:i:value,get:i,get:i,set:i,gopd:i,def:i:value,get:i
call => t:undefined:1,2 | apply:1|2
.call => t:T:3,4 | get:call,apply:3|4
.apply => t:A:5,6 | get:apply,apply:5|6
Reflect.apply => t:R:7,undefined | apply:7
bind => t:B:8,9 | get:bind,gpo,gopd:length,get:length,get:name,apply:8|9
spread call => t:undefined:10,11 | apply:10|11
method call => t:M:12,undefined | apply:12
typeof => function | 
Function.prototype.toString => string | 
name/length via get => ["target",2] | get:name,get:length
new => hi1 | construct:1:nt=proxy,get:prototype
Reflect.construct => hi2 | construct:2:nt=proxy,get:prototype
Reflect.construct newTarget => nt | construct:3:NT
new spread => 4 | construct:4:nt=proxy,get:prototype
instanceof through proxy ctor => true | get:Symbol(Symbol.hasInstance),get:prototype
class extends proxy => hi5 | get:prototype,construct:5:D
class extends proxy, spread super => hi6 | get:prototype,construct:6:D
construct non-ctor => TypeError | 
call non-callable => TypeError | 
apply trap returns => trapped | 
construct trap returns => true | 
construct trap non-object => TypeError | 
proto get => iv | get:inherited
proto get receiver => recv=other | 
proto has => true | has:inherited
proto has own miss => false | has:own
proto set => ["newProp"] | set:newProp
proto set receiver => ["z",false] | 
proto set accessor => [7,true] | set:acc,set:viaSetter
proto for-in => ["newProp","viaSetter","inherited","acc"] | ownKeys,gpo,gopd:inherited,gopd:acc
proto hasOwnProperty => false | 
proto getPrototypeOf chain => true | 
proto instanceof => true | 
proto method call => this=child | 
proto delete miss => true | 
revocable => [1,"function","",0,["proxy","revoke"]] | 
revoked get => TypeError: Cannot perform 'get' on a proxy that has
revoked set => TypeError: Cannot perform 'set' on a proxy that has
revoked has => TypeError: Cannot perform 'has' on a proxy that has
revoked delete => TypeError: Cannot perform 'deleteProperty' on a pro
revoked keys => TypeError: Cannot perform 'ownKeys' on a proxy that
revoked gopd => TypeError: Cannot perform 'getOwnPropertyDescriptor
revoked define => TypeError: Cannot perform 'defineProperty' on a pro
revoked gpo => TypeError: Cannot perform 'getPrototypeOf' on a pro
revoked spo => TypeError: Cannot perform 'setPrototypeOf' on a pro
revoked isExt => TypeError: Cannot perform 'isExtensible' on a proxy
revoked prevExt => TypeError: Cannot perform 'preventExtensions' on a 
revoked call => TypeError: Cannot perform 'apply' on a proxy that h
revoked construct => TypeError: Cannot perform 'construct' on a proxy th
revoked apply => TypeError: Cannot perform 'apply' on a proxy that h
revoked stringify => TypeError: Cannot perform 'get' on a proxy that has
revoked spread => TypeError: Cannot perform 'ownKeys' on a proxy that
revoked forin => TypeError: Cannot perform 'ownKeys' on a proxy that
revoked freeze => TypeError: Cannot perform 'preventExtensions' on a 
revoked isFrozen => TypeError: Cannot perform 'isExtensible' on a proxy
revoked typeof => ok:function
revoked isArray => TypeError: Cannot perform 'IsArray' on a proxy that
revoked ownKeys => TypeError: Cannot perform 'ownKeys' on a proxy that
revoked proxyOfRevoked => TypeError: Cannot perform 'get' on a proxy that has
revoked handlerRevoked => TypeError: Cannot perform 'get' on a proxy that has
isArray revoked proxy of array => TypeError | 
