get-other TypeError
get-same 1
set-other TypeError
set-same no-throw
has-deny TypeError
has-admit true
delete-claim TypeError
get-negative-zero TypeError
get-positive-zero 0
get-no-getter TypeError
get-no-getter-undef undefined
set-no-setter TypeError
has-deny-own-sealed TypeError
has-deny-absent-sealed false
delete-claim-sealed TypeError
keys-hide-nonconf TypeError
keys-keep-nonconf x
keys-duplicate TypeError
keys-extra-sealed TypeError
keys-short-sealed TypeError
keys-exact-sealed a
desc-hide-nonconf TypeError
desc-claim-conf TypeError
desc-truth true
desc-invent-nonconf TypeError
desc-hide-sealed TypeError
desc-new-key-sealed TypeError
proto-lie-sealed TypeError
proto-truth-sealed true
proto-free-open true
forward-get 1
forward-has true
forward-keys x
forward-own true
revoked-get TypeError
