function
\x61b
\x31abc
\x5aed
_ab

0
\.
\^\$\\\.\*\+\?\(\)\[\]\{\}\|
\/
\x61\.b\*c
\t\n\v\f\r
\x2c\x2d\x3d\x3c\x3e\x23\x26\x21\x25\x3a\x3b\x40\x7e\x27\x60\x22
\x68ello\x20world
\x61\xa0b
\x61\u{2028}b
\x61\u{3000}b
\u{d800}
\x61\u{dfff}b
_x\x2dy
\x78é
\x78😀
6
true
false
false
true
TypeError
TypeError
TypeError
TypeError
TypeError
