TypeError
TypeError
RangeError
TypeError
TypeError
TypeError
TypeError
TypeError
TypeError
TypeError
TypeError
TypeError,TypeError,TypeError,TypeError,TypeError,TypeError,TypeError
TypeError
TypeError
2
keys
true true
1
RangeError
RangeError
SyntaxError
SyntaxError
TypeError
TypeError
closed super
false
closed disjoint
true
