true true true
true true
true true
object
false
0
0
true
true
["0","1","length","tag","hidden"]
["0","1","tag"]
true true false
{"value":"t","writable":true,"enumerable":true,"configurable":true}
{"value":"a","writable":false,"enumerable":true,"configurable":false}
undefined
["0","1","length"]
["0","1"]
true true false
undefined
true
true
true
