charCodeAt 98
codePointAt 99
charAt d
at e
slice bcd
substring bcd
indexOf 4
padStart 0007
repeat ababab
normalize abc
arraySlice 20,30
arrayIndexOf 2
arrayAt 3
arrayFill 0,9,9,0
arrayCopyWithin 4,5,3,4,5
arrayWith 1,9,3
typedArrayWith 1,9,3
arraySplice 2,3
mathMax 5
mathMin 2
mathHypot 5
fromCharCode HI
parseInt 5
toStringRadix ff
toFixed 12.35
typedArrayCtor 3
dataViewCtor 8
typedArrayFill 0,5,5,0
dataViewRoundTrip 1234
lastIndex 3
hintNumber 98
exotic 99
hints number
sliceOrder L,R
maxOrder A,B,C
ctorOrder off,len
