TypeError
TypeError
TypeError
TypeError
TypeError
ok 8
RangeError
RangeError
RangeError
ok 0
ok 1
ok 0
ok 0
RangeError
ok 3
ok 4
RangeError
RangeError
RangeError
ok 0
ok 0
RangeError
ok 0
RangeError
ok 0
RangeError
ok 0
RangeError
RangeError
RangeError
RangeError
RangeError
ok 0
ok 42
ok 0
ok 0
RangeError
RangeError
TypeError
TypeError
ok 42
